// Vitest Snapshot v1, https://vitest.dev/guide/snapshot.html

exports[`fixtures > ./fixtures/basic.vue 1`] = `
"<script setup lang=\\"ts\\">
/*defineSlots*/
</script>

<template>
  <div></div>
</template>
"
`;
