// Vitest Snapshot v1, https://vitest.dev/guide/snapshot.html

exports[`fixtures > tests/fixtures/basic.vue 1`] = `
"import { defineComponent, ref, resolveComponent, openBlock, createElementBlock, Fragment, createVNode } from 'vue';
import _export_sfc from '/plugin-vue/export-helper';

var _sfc_main = /* @__PURE__ */ defineComponent({
  __name: \\"basic\\",
  setup(__props) {
    const val = ref(\\"\\");
    return (_ctx, _cache) => {
      const _component_A = resolveComponent(\\"A\\");
      return openBlock(), createElementBlock(
        Fragment,
        null,
        [
          createVNode(_component_A, {
            modelValue: val.value,
            \\"onUpdate:modelValue\\": _cache[0] || (_cache[0] = ($event) => val.value = $event)
          }, null, 8, [\\"modelValue\\"]),
          createVNode(_component_A, {
            foo: val.value,
            \\"onUpdate:foo\\": _cache[1] || (_cache[1] = ($event) => val.value = $event)
          }, null, 8, [\\"foo\\"])
        ],
        64
        /* STABLE_FRAGMENT */
      );
    };
  }
});

var basic = /* @__PURE__ */ _export_sfc(_sfc_main, [__FILE__]);

export { basic as default };
"
`;
