// Vitest Snapshot v1

exports[`vue 3 > basic usage 1`] = `
"
    let { modelValue } = defineModel<{
      modelValue: string
    }>()
    
    console.log(modelValue)
    modelValue = \\"newValue\\""
`;
