// Vitest Snapshot v1, https://vitest.dev/guide/snapshot.html

exports[`fixtures > ./fixtures/basic.vue 1`] = `
"<script setup lang=\\"tsx\\">

defineRender(() => <div>123</div>)
</script>
"
`;
